2026-05-13 12:16:46 +0000  Initial pipeline context: <IDEDistributionProcessingPipelineContext: 0x8938c4c00; archive(resolved)="<IDEArchive: 0x893985e30>", distributionTask(resolved)="2", distributionDestination(resolved)="1", distributionMethod(resolved)="<IDEDistributionMethodDevelopmentSignedMac: 0x876a51ec0>", team(resolved)="<IDEProvisioningDisambiguatableBasicTeam: 0x8857c8200; teamID='7X2XV24BPN', teamName='Plouton Consulting (Pty) Ltd', teamType='Company', username='pierre.oosthuizen@ploutonconsulting.com', isFreeProvisioningTeam='0'>">
	Chain (13, self inclusive):
	<IDEDistributionProcessingPipelineContext: 0x8938c4c00; archive = "<IDEArchive: 0x893985e30>", distributionMethod="<IDEDistributionMethodDevelopmentSignedMac: 0x876a51ec0>", team="<IDEProvisioningDisambiguatableBasicTeam: 0x8857c8200; teamID='7X2XV24BPN', teamName='Plouton Consulting (Pty) Ltd', teamType='Company', username='pierre.oosthuizen@ploutonconsulting.com', isFreeProvisioningTeam='0'>">
	<IDEDistributionProcessingPipelineContext: 0x8938c5b00; archive = "<IDEArchive: 0x893985e30>", distributionMethod="<IDEDistributionMethodDevelopmentSignedMac: 0x876a51ec0>", team="<IDEProvisioningDisambiguatableBasicTeam: 0x8857c8200; teamID='7X2XV24BPN', teamName='Plouton Consulting (Pty) Ltd', teamType='Company', username='pierre.oosthuizen@ploutonconsulting.com', isFreeProvisioningTeam='0'>">
	<IDEDistributionContext: 0x87819ed00; archive = "<IDEArchive: 0x893985e30>", distributionMethod="<IDEDistributionMethodDevelopmentSignedMac: 0x876a51ec0>", team="<IDEProvisioningDisambiguatableBasicTeam: 0x8857c8200; teamID='7X2XV24BPN', teamName='Plouton Consulting (Pty) Ltd', teamType='Company', username='pierre.oosthuizen@ploutonconsulting.com', isFreeProvisioningTeam='0'>">
	<IDEDistributionContext: 0x8781baf80; archive = "<IDEArchive: 0x893985e30>", distributionMethod="<IDEDistributionMethodDevelopmentSignedMac: 0x876a51ec0>", team="<IDEProvisioningDisambiguatableBasicTeam: 0x8857c8200; teamID='7X2XV24BPN', teamName='Plouton Consulting (Pty) Ltd', teamType='Company', username='pierre.oosthuizen@ploutonconsulting.com', isFreeProvisioningTeam='0'>">
	<IDEDistributionContext: 0x8781bad00; archive = "<IDEArchive: 0x893985e30>", distributionMethod="<IDEDistributionMethodDevelopmentSignedMac: 0x876a51ec0>", team="<IDEProvisioningDisambiguatableBasicTeam: 0x8857c8200; teamID='7X2XV24BPN', teamName='Plouton Consulting (Pty) Ltd', teamType='Company', username='pierre.oosthuizen@ploutonconsulting.com', isFreeProvisioningTeam='0'>">
	<IDEDistributionContext: 0x8781baa80; archive = "<IDEArchive: 0x893985e30>", distributionMethod="<IDEDistributionMethodDevelopmentSignedMac: 0x876a51ec0>", team="<IDEProvisioningDisambiguatableBasicTeam: 0x8857c8200; teamID='7X2XV24BPN', teamName='Plouton Consulting (Pty) Ltd', teamType='Company', username='pierre.oosthuizen@ploutonconsulting.com', isFreeProvisioningTeam='0'>">
	<IDEDistributionContext: 0x8781ba800; archive = "<IDEArchive: 0x893985e30>", distributionMethod="<IDEDistributionMethodDevelopmentSignedMac: 0x876a51ec0>", team="<IDEProvisioningDisambiguatableBasicTeam: 0x8857c8200; teamID='7X2XV24BPN', teamName='Plouton Consulting (Pty) Ltd', teamType='Company', username='pierre.oosthuizen@ploutonconsulting.com', isFreeProvisioningTeam='0'>">
	<IDEDistributionContext: 0x8781ba580; archive = "<IDEArchive: 0x893985e30>", distributionMethod="<IDEDistributionMethodDevelopmentSignedMac: 0x876a51ec0>", team="<IDEProvisioningDisambiguatableBasicTeam: 0x8857c8200; teamID='7X2XV24BPN', teamName='Plouton Consulting (Pty) Ltd', teamType='Company', username='pierre.oosthuizen@ploutonconsulting.com', isFreeProvisioningTeam='0'>">
	<IDEDistributionContext: 0x8781ba300; archive = "<IDEArchive: 0x893985e30>", distributionMethod="<IDEDistributionMethodDevelopmentSignedMac: 0x876a51ec0>", team="(null)">
	<IDEDistributionContext: 0x8781ba080; archive = "<IDEArchive: 0x893985e30>", distributionMethod="<IDEDistributionMethodDevelopmentSignedMac: 0x876a51ec0>", team="(null)">
	<IDEDistributionContext: 0x8781b9680; archive = "<IDEArchive: 0x893985e30>", distributionMethod="(null)", team="(null)">
	<IDEDistributionContext: 0x879b8ca00; archive = "<IDEArchive: 0x893985e30>", distributionMethod="(null)", team="(null)">
	<IDEDistributionContext: 0x879b8ed00; archive = "<IDEArchive: 0x893985e30>", distributionMethod="(null)", team="(null)">
</IDEDistributionProcessingPipelineContext: 0x8938c4c00>
2026-05-13 12:16:46 +0000  Processing step: IDEDistributionCreateDestRootStep
2026-05-13 12:16:46 +0000  Processing step: IDEDistributionCopyItemStep
2026-05-13 12:16:46 +0000  Running /usr/bin/ditto '-V' '/Users/pierreo/Library/Developer/Xcode/Archives/2026-05-13/MDViewer 2026-05-13, 14.16 2.xcarchive/Products/Applications/MDViewer.app' '/var/folders/14/1sffm2rx3135s8h2j_0fmr0w0000gn/T/XcodeDistPipeline.~~~jClLpz/Root/Applications/MDViewer.app'
2026-05-13 12:16:46 +0000  >>> Copying /Users/pierreo/Library/Developer/Xcode/Archives/2026-05-13/MDViewer 2026-05-13, 14.16 2.xcarchive/Products/Applications/MDViewer.app 
2026-05-13 12:16:46 +0000  copying file ./Contents/_CodeSignature/CodeResources ... 
2026-05-13 12:16:46 +0000  2200 bytes for ./Contents/_CodeSignature/CodeResources
2026-05-13 12:16:46 +0000  copying file ./Contents/MacOS/MDViewer ... 
2026-05-13 12:16:46 +0000  2274416 bytes for ./Contents/MacOS/MDViewer
2026-05-13 12:16:46 +0000  copying file ./Contents/Info.plist ... 
2026-05-13 12:16:46 +0000  2814 bytes for ./Contents/Info.plist
2026-05-13 12:16:46 +0000  copying file ./Contents/PkgInfo ... 
2026-05-13 12:16:46 +0000  8 bytes for ./Contents/PkgInfo
2026-05-13 12:16:46 +0000  /usr/bin/ditto exited with 0
2026-05-13 12:16:46 +0000  Processing step: IDEDistributionEmbedProfileStep
2026-05-13 12:16:46 +0000  Skipping profile for item: <IDEDistributionItem: 0x893e66040; bundleID='com.ploutonconsulting.mdviewer', path='<DVTFilePath:0x88f760480:'/Users/pierreo/Library/Developer/Xcode/Archives/2026-05-13/MDViewer 2026-05-13, 14.16 2.xcarchive/Products/Applications/MDViewer.app'>', codeSigningInfo='<_DVTCodeSigningInformation_Path: 0x893147660; isSigned='1', isAdHocSigned='0', signingCertificate='<DVTSigningCertificate: 0x877525440; name='Apple Development: Pieter C. Oosthuizen (JGNJA9J235)', hash='B3D320B507ED4D8AAC57ADF55EAE8410B6D68155', serialNumber='223A4C7805796FE831D16496779C8DC9', certificateKinds='(
    "1.2.840.113635.100.6.1.12",
    "1.2.840.113635.100.6.1.2"
), issueDate='2026-03-14 17:00:18 +0000''>', entitlements='{
    "com.apple.security.app-sandbox" = 1;
    "com.apple.security.files.bookmarks.app-scope" = 1;
    "com.apple.security.files.user-selected.read-only" = 1;
}', teamID='7X2XV24BPN', identifier='com.ploutonconsulting.mdviewer', executablePath='<DVTFilePath:0x88f760b40:'/Users/pierreo/Library/Developer/Xcode/Archives/2026-05-13/MDViewer 2026-05-13, 14.16 2.xcarchive/Products/Applications/MDViewer.app/Contents/MacOS/MDViewer'>', hardenedRuntime='1'>'>
2026-05-13 12:16:46 +0000  Processing step: IDEDistributionInfoPlistStep
2026-05-13 12:16:46 +0000  Skipping step: IDEDistributionInfoPlistStep because it said so
2026-05-13 12:16:46 +0000  Processing step: IDEDistributionAppThinningPlistStep
2026-05-13 12:16:46 +0000  Processing step: IDEDistributionSymbolsStep
2026-05-13 12:16:46 +0000  Skipping step: IDEDistributionSymbolsStep because it said so
2026-05-13 12:16:46 +0000  Processing step: IDEDistributionAppThinningStep
2026-05-13 12:16:46 +0000  Skipping step: IDEDistributionAppThinningStep because it said so
2026-05-13 12:16:46 +0000  Processing step: IDEDistributionArchThinningStep
2026-05-13 12:16:46 +0000  Archs to thin for item /Users/pierreo/Library/Developer/Xcode/Archives/2026-05-13/MDViewer 2026-05-13, 14.16 2.xcarchive/Products/Applications/MDViewer.app are []
2026-05-13 12:16:46 +0000  Processing step: IDEDistributionODRStep
2026-05-13 12:16:46 +0000  Processing step: IDEDistributionStripXattrsStep
2026-05-13 12:16:46 +0000  Skipping stripping extended attributes because the codesign step will strip them.
2026-05-13 12:16:46 +0000  Processing step: IDEDistributionCodesignStep
2026-05-13 12:16:46 +0000  Entitlements for <IDEDistributionItem: 0x893e66040; bundleID='com.ploutonconsulting.mdviewer', path='<DVTFilePath:0x88f760480:'/Users/pierreo/Library/Developer/Xcode/Archives/2026-05-13/MDViewer 2026-05-13, 14.16 2.xcarchive/Products/Applications/MDViewer.app'>', codeSigningInfo='<_DVTCodeSigningInformation_Path: 0x893147660; isSigned='1', isAdHocSigned='0', signingCertificate='<DVTSigningCertificate: 0x877525440; name='Apple Development: Pieter C. Oosthuizen (JGNJA9J235)', hash='B3D320B507ED4D8AAC57ADF55EAE8410B6D68155', serialNumber='223A4C7805796FE831D16496779C8DC9', certificateKinds='(
    "1.2.840.113635.100.6.1.12",
    "1.2.840.113635.100.6.1.2"
), issueDate='2026-03-14 17:00:18 +0000''>', entitlements='{
    "com.apple.security.app-sandbox" = 1;
    "com.apple.security.files.bookmarks.app-scope" = 1;
    "com.apple.security.files.user-selected.read-only" = 1;
}', teamID='7X2XV24BPN', identifier='com.ploutonconsulting.mdviewer', executablePath='<DVTFilePath:0x88f760b40:'/Users/pierreo/Library/Developer/Xcode/Archives/2026-05-13/MDViewer 2026-05-13, 14.16 2.xcarchive/Products/Applications/MDViewer.app/Contents/MacOS/MDViewer'>', hardenedRuntime='1'>'>: {
    "com.apple.security.app-sandbox" = 1;
    "com.apple.security.files.bookmarks.app-scope" = 1;
    "com.apple.security.files.user-selected.read-only" = 1;
}
2026-05-13 12:16:46 +0000  Associated App Clip Identifiers Filter: Skipping because "com.apple.developer.associated-appclip-app-identifiers" is not present
2026-05-13 12:16:46 +0000  Entitlements for <IDEDistributionItem: 0x893e66040; bundleID='com.ploutonconsulting.mdviewer', path='<DVTFilePath:0x88f760480:'/Users/pierreo/Library/Developer/Xcode/Archives/2026-05-13/MDViewer 2026-05-13, 14.16 2.xcarchive/Products/Applications/MDViewer.app'>', codeSigningInfo='<_DVTCodeSigningInformation_Path: 0x893147660; isSigned='1', isAdHocSigned='0', signingCertificate='<DVTSigningCertificate: 0x8775255c0; name='Apple Development: Pieter C. Oosthuizen (JGNJA9J235)', hash='B3D320B507ED4D8AAC57ADF55EAE8410B6D68155', serialNumber='223A4C7805796FE831D16496779C8DC9', certificateKinds='(
    "1.2.840.113635.100.6.1.12",
    "1.2.840.113635.100.6.1.2"
), issueDate='2026-03-14 17:00:18 +0000''>', entitlements='{
    "com.apple.security.app-sandbox" = 1;
    "com.apple.security.files.bookmarks.app-scope" = 1;
    "com.apple.security.files.user-selected.read-only" = 1;
}', teamID='7X2XV24BPN', identifier='com.ploutonconsulting.mdviewer', executablePath='<DVTFilePath:0x88f760b40:'/Users/pierreo/Library/Developer/Xcode/Archives/2026-05-13/MDViewer 2026-05-13, 14.16 2.xcarchive/Products/Applications/MDViewer.app/Contents/MacOS/MDViewer'>', hardenedRuntime='1'>'> are: {
    "com.apple.security.app-sandbox" = 1;
    "com.apple.security.files.bookmarks.app-scope" = 1;
    "com.apple.security.files.user-selected.read-only" = 1;
}
2026-05-13 12:16:46 +0000  Writing entitlements for <IDEDistributionItem: 0x893e66040; bundleID='com.ploutonconsulting.mdviewer', path='<DVTFilePath:0x88f760480:'/Users/pierreo/Library/Developer/Xcode/Archives/2026-05-13/MDViewer 2026-05-13, 14.16 2.xcarchive/Products/Applications/MDViewer.app'>', codeSigningInfo='<_DVTCodeSigningInformation_Path: 0x893147660; isSigned='1', isAdHocSigned='0', signingCertificate='<DVTSigningCertificate: 0x8775255c0; name='Apple Development: Pieter C. Oosthuizen (JGNJA9J235)', hash='B3D320B507ED4D8AAC57ADF55EAE8410B6D68155', serialNumber='223A4C7805796FE831D16496779C8DC9', certificateKinds='(
    "1.2.840.113635.100.6.1.12",
    "1.2.840.113635.100.6.1.2"
), issueDate='2026-03-14 17:00:18 +0000''>', entitlements='{
    "com.apple.security.app-sandbox" = 1;
    "com.apple.security.files.bookmarks.app-scope" = 1;
    "com.apple.security.files.user-selected.read-only" = 1;
}', teamID='7X2XV24BPN', identifier='com.ploutonconsulting.mdviewer', executablePath='<DVTFilePath:0x88f760b40:'/Users/pierreo/Library/Developer/Xcode/Archives/2026-05-13/MDViewer 2026-05-13, 14.16 2.xcarchive/Products/Applications/MDViewer.app/Contents/MacOS/MDViewer'>', hardenedRuntime='1'>'> to: /var/folders/14/1sffm2rx3135s8h2j_0fmr0w0000gn/T/XcodeDistPipeline.~~~jClLpz/entitlements~~~LMBrXT
2026-05-13 12:16:46 +0000  invoking codesign: <NSConcreteTask: 0x8774ffe30; launchPath='/usr/bin/codesign', arguments='(
    "-f",
    "-s",
    B3D320B507ED4D8AAC57ADF55EAE8410B6D68155,
    "--entitlements",
    "/var/folders/14/1sffm2rx3135s8h2j_0fmr0w0000gn/T/XcodeDistPipeline.~~~jClLpz/entitlements~~~LMBrXT",
    "--preserve-metadata=identifier,flags,runtime,launch-constraints,library-constraints",
    "--generate-entitlement-der",
    "--strip-disallowed-xattrs",
    "-vvv",
    "/var/folders/14/1sffm2rx3135s8h2j_0fmr0w0000gn/T/XcodeDistPipeline.~~~jClLpz/Root/Applications/MDViewer.app"
)'>
2026-05-13 12:16:46 +0000  codesign output: /var/folders/14/1sffm2rx3135s8h2j_0fmr0w0000gn/T/XcodeDistPipeline.~~~jClLpz/Root/Applications/MDViewer.app: replacing existing signature
/var/folders/14/1sffm2rx3135s8h2j_0fmr0w0000gn/T/XcodeDistPipeline.~~~jClLpz/Root/Applications/MDViewer.app: signed app bundle with Mach-O universal (x86_64 arm64) [com.ploutonconsulting.mdviewer]
2026-05-13 12:16:46 +0000  Processing step: IDEDistributionZipODRItemStep
2026-05-13 12:16:46 +0000  Skipping step: IDEDistributionZipODRItemStep because it said so
2026-05-13 12:16:46 +0000  Processing step: IDEDistributionSkipPackagingStep
2026-05-13 12:16:46 +0000  Processing step: IDEDistributionAppStoreInformationStep
2026-05-13 12:16:46 +0000  Skipping step: IDEDistributionAppStoreInformationStep because it said so
2026-05-13 12:16:46 +0000  Processing step: IDEDistributionGenerateProcessedDistributionItems
2026-05-13 12:16:46 +0000  IDEDistributionItem init <DVTFilePath:0x88f7ff5a0:'/var/folders/14/1sffm2rx3135s8h2j_0fmr0w0000gn/T/XcodeDistPipeline.~~~jClLpz/Root/Applications/MDViewer.app'>
2026-05-13 12:16:46 +0000  [OPTIONAL] Didn't find embedded provisioning profile for <DVTFilePath:0x88f7ff5a0:'/var/folders/14/1sffm2rx3135s8h2j_0fmr0w0000gn/T/XcodeDistPipeline.~~~jClLpz/Root/Applications/MDViewer.app'>: Error Domain=NSCocoaErrorDomain Code=4 "No file at <DVTFilePath:0x891d4c310:'/var/folders/14/1sffm2rx3135s8h2j_0fmr0w0000gn/T/XcodeDistPipeline.~~~jClLpz/Root/Applications/MDViewer.app/Contents/embedded.provisionprofile'>" UserInfo={NSLocalizedDescription=No file at <DVTFilePath:0x891d4c310:'/var/folders/14/1sffm2rx3135s8h2j_0fmr0w0000gn/T/XcodeDistPipeline.~~~jClLpz/Root/Applications/MDViewer.app/Contents/embedded.provisionprofile'>}
2026-05-13 12:16:46 +0000  Processing step: IDEDistributionCreateManifestStep
2026-05-13 12:16:46 +0000  Skipping step: IDEDistributionCreateManifestStep because it said so
